Before recount
Candidate A: 56
Candidate B: 44

After recount
Candidate A: 15
Candidate B: 11

Candidate A wins
